// Jest Snapshot v1, https://goo.gl/fbAQLP

exports[`should render CustomersListItem component 1`] = `
<div>
  <h3>
    <Link
      replace={false}
      to="edit/1"
    >
      Claudio
    </Link>
     - 
    crtormen@gmail.com
  </h3>
</div>
`;
