// Jest Snapshot v1, https://goo.gl/fbAQLP

exports[`should render DashboardPage correctly 1`] = `
<div>
  <p>
    <Link
      replace={false}
      to="/create"
    >
      + Novo Paciente
    </Link>
  </p>
  <Connect(CustomersList) />
</div>
`;
